
IEEE 695 OMF Linker Version 6.25 (19073001)
Copyright (C) 1999-2008 Zilog, Inc. All Rights Reserved

LINK MAP:

DATE:      Wed Nov 01 20:16:42 2023
PROCESSOR: assembler
FILES:     .\init.obj             .\main.obj             
           .\mos-interface.obj
           .\flash.obj            .\agontimer.obj        .\strtoll.obj          
           .\crc32.obj            .\filesize.obj         
           C:\ZiLOG\ZDSII_eZ80Acclaim!_5.3.5\lib\std\chelpD.lib
           C:\ZiLOG\ZDSII_eZ80Acclaim!_5.3.5\lib\std\crtD.lib
           C:\ZiLOG\ZDSII_eZ80Acclaim!_5.3.5\lib\std\crtSD.lib
           C:\ZiLOG\ZDSII_eZ80Acclaim!_5.3.5\lib\std\nokernelD.lib
           C:\ZiLOG\ZDSII_eZ80Acclaim!_5.3.5\lib\zilog\zsldevinitdummy.obj
           


COMMAND LIST:
=============
-FORMAT=OMF695,INTEL32
-map -maxhexlen=64 -quiet -warnoverlap -xref -unresolved=fatal
-sort NAME=ascending -warn -debug -NOigcase


RANGE ROM $000000 : $01FFFF
RANGE RAM $0B0000 : $0BFFFF
RANGE EXTIO $000000 : $00FFFF
RANGE INTIO $000000 : $0000FF

CHANGE CODE = RAM
CHANGE STRSECT = RAM
CHANGE DATA = RAM 

ORDER CODE,DATA

DEFINE __low_bss = base of BSS
DEFINE __len_bss = length of BSS

 "flash"=  ".\init.obj",  ".\main.obj",  ".\mos-interface.obj",  ".\flash.obj",  ".\agontimer.obj",  ".\strtoll.obj",  ".\crc32.obj",  ".\filesize.obj",  "C:\ZiLOG\ZDSII_eZ80Acclaim!_5.3.5\lib\std\chelpD.lib",  "C:\ZiLOG\ZDSII_eZ80Acclaim!_5.3.5\lib\std\crtD.lib",  "C:\ZiLOG\ZDSII_eZ80Acclaim!_5.3.5\lib\std\crtSD.lib",  "C:\ZiLOG\ZDSII_eZ80Acclaim!_5.3.5\lib\std\nokernelD.lib",  "C:\ZiLOG\ZDSII_eZ80Acclaim!_5.3.5\lib\zilog\zsldevinitdummy.obj"


SPACE ALLOCATION:
=================

Space                     Base         Top      Size      Used    Unused
------------------ ----------- ----------- --------- --------- ---------
RAM                   D:0B0000    D:0B2A11    10000H     289EH     D762H
                                          (    65536     10398     55138)


SEGMENTS WITHIN SPACE:
======================

RAM                               Type        Base         Top      Size
------------------ ------------------- ----------- ----------- ---------
BSS                normal data            D:0B27E9    D:0B2A11      229h
CODE               normal data            D:0B0000    D:0B1E50     1e51h
DATA               normal data            D:0B1E51    D:0B2486      4c2h
STRSECT            normal data            D:0B2487    D:0B27E8      362h

SEGMENTS WITHIN MODULES:
========================

Module: ..\agontimer.c (File: agontimer.obj) Version: 1:0 11/01/2023 20:16:41

    Name                                           Base         Top      Size
    --------------------------------------- ----------- ----------- ---------
    Segment: CODE                              D:0B0FD2    D:0B1033       62h


Module: ..\main.c (File: main.obj) Version: 1:0 11/01/2023 20:16:41

    Name                                           Base         Top      Size
    --------------------------------------- ----------- ----------- ---------
    Segment: BSS                               D:0B27E9    D:0B29EB      203h
    Segment: CODE                              D:0B00E5    D:0B0DCF      cebh
    Segment: DATA                              D:0B1E81    D:0B1E8B        bh
    Segment: STRSECT                           D:0B2487    D:0B27E8      362h


Module: ..\src\boot\common\zsldevinitdummy.asm (File: zsldevinitdummy.obj) Version: 1:0 10/02/2022 22:49:19

    Name                                           Base         Top      Size
    --------------------------------------- ----------- ----------- ---------
    Segment: CODE                              D:0B1287    D:0B1287        1h


Module: ..\strtoll.c (File: strtoll.obj) Version: 1:0 11/01/2023 20:16:42

    Name                                           Base         Top      Size
    --------------------------------------- ----------- ----------- ---------
    Segment: CODE                              D:0B1034    D:0B11B7      184h


Module: .\rtl\common\abs.c (Library: crtD.lib) Version: 1:0 10/02/2022 22:48:07

    Name                                           Base         Top      Size
    --------------------------------------- ----------- ----------- ---------
    Segment: CODE                              D:0B14C3    D:0B14EB       29h


Module: .\rtl\common\case8D.asm (Library: chelpD.lib) Version: 1:0 10/02/2022 22:48:53

    Name                                           Base         Top      Size
    --------------------------------------- ----------- ----------- ---------
    Segment: CODE                              D:0B1B45    D:0B1B7E       3ah


Module: .\rtl\common\iand.asm (Library: chelpD.lib) Version: 1:0 10/02/2022 22:48:50

    Name                                           Base         Top      Size
    --------------------------------------- ----------- ----------- ---------
    Segment: CODE                              D:0B1BC5    D:0B1BDF       1bh


Module: .\rtl\common\icmpzero.asm (Library: chelpD.lib) Version: 1:0 10/02/2022 22:48:52

    Name                                           Base         Top      Size
    --------------------------------------- ----------- ----------- ---------
    Segment: CODE                              D:0B1863    D:0B186E        ch


Module: .\rtl\common\indcall.asm (Library: chelpD.lib) Version: 1:0 10/02/2022 22:48:50

    Name                                           Base         Top      Size
    --------------------------------------- ----------- ----------- ---------
    Segment: CODE                              D:0B1C40    D:0B1C41        2h


Module: .\rtl\common\ineg.asm (Library: chelpD.lib) Version: 1:0 10/02/2022 22:48:50

    Name                                           Base         Top      Size
    --------------------------------------- ----------- ----------- ---------
    Segment: CODE                              D:0B1B7F    D:0B1B87        9h


Module: .\rtl\common\isalpha.c (Library: crtD.lib) Version: 1:0 10/02/2022 22:48:08

    Name                                           Base         Top      Size
    --------------------------------------- ----------- ----------- ---------
    Segment: CODE                              D:0B1A79    D:0B1AA1       29h


Module: .\rtl\common\isdigit.c (Library: crtD.lib) Version: 1:0 10/02/2022 22:48:08

    Name                                           Base         Top      Size
    --------------------------------------- ----------- ----------- ---------
    Segment: CODE                              D:0B186F    D:0B1897       29h


Module: .\rtl\common\ishrs.asm (Library: chelpD.lib) Version: 1:0 10/02/2022 22:48:50

    Name                                           Base         Top      Size
    --------------------------------------- ----------- ----------- ---------
    Segment: CODE                              D:0B12D5    D:0B12F9       25h


Module: .\rtl\common\ishru.asm (Library: chelpD.lib) Version: 1:0 10/02/2022 22:48:50

    Name                                           Base         Top      Size
    --------------------------------------- ----------- ----------- ---------
    Segment: CODE                              D:0B1B19    D:0B1B3D       25h


Module: .\rtl\common\isspace.c (Library: crtD.lib) Version: 1:0 10/02/2022 22:48:09

    Name                                           Base         Top      Size
    --------------------------------------- ----------- ----------- ---------
    Segment: CODE                              D:0B1898    D:0B18C0       29h


Module: .\rtl\common\isupper.c (Library: crtD.lib) Version: 1:0 10/02/2022 22:48:09

    Name                                           Base         Top      Size
    --------------------------------------- ----------- ----------- ---------
    Segment: CODE                              D:0B129D    D:0B12C5       29h


Module: .\rtl\common\itol.asm (Library: chelpD.lib) Version: 1:0 10/02/2022 22:48:50

    Name                                           Base         Top      Size
    --------------------------------------- ----------- ----------- ---------
    Segment: CODE                              D:0B1B3E    D:0B1B44        7h


Module: .\rtl\common\ladd.asm (Library: chelpD.lib) Version: 1:0 10/02/2022 22:48:50

    Name                                           Base         Top      Size
    --------------------------------------- ----------- ----------- ---------
    Segment: CODE                              D:0B1288    D:0B129C       15h


Module: .\rtl\common\lcmpu.asm (Library: chelpD.lib) Version: 1:0 10/02/2022 22:48:50

    Name                                           Base         Top      Size
    --------------------------------------- ----------- ----------- ---------
    Segment: CODE                              D:0B1B88    D:0B1B9D       16h


Module: .\rtl\common\lcmpzero.asm (Library: chelpD.lib) Version: 1:0 10/02/2022 22:48:52

    Name                                           Base         Top      Size
    --------------------------------------- ----------- ----------- ---------
    Segment: CODE                              D:0B17EF    D:0B1802       14h


Module: .\rtl\common\ldivu.asm (Library: chelpD.lib) Version: 1:0 10/02/2022 22:48:50

    Name                                           Base         Top      Size
    --------------------------------------- ----------- ----------- ---------
    Segment: CODE                              D:0B1803    D:0B1838       36h


Module: .\rtl\common\lmulu.asm (Library: chelpD.lib) Version: 1:0 10/02/2022 22:48:50

    Name                                           Base         Top      Size
    --------------------------------------- ----------- ----------- ---------
    Segment: CODE                              D:0B1DE4    D:0B1E50       6dh


Module: .\rtl\common\lneg.asm (Library: chelpD.lib) Version: 1:0 10/02/2022 22:48:50

    Name                                           Base         Top      Size
    --------------------------------------- ----------- ----------- ---------
    Segment: CODE                              D:0B17E2    D:0B17EE        dh


Module: .\rtl\common\lremu.asm (Library: chelpD.lib) Version: 1:0 10/02/2022 22:48:50

    Name                                           Base         Top      Size
    --------------------------------------- ----------- ----------- ---------
    Segment: CODE                              D:0B1BE0    D:0B1BEF       10h


Module: .\rtl\common\maptab.c (Library: crtD.lib) Version: 1:0 10/02/2022 22:48:09

    Name                                           Base         Top      Size
    --------------------------------------- ----------- ----------- ---------
    Segment: DATA                              D:0B2407    D:0B2486       80h


Module: .\rtl\common\memcmp.asm (Library: crtD.lib) Version: 1:0 10/02/2022 22:48:13

    Name                                           Base         Top      Size
    --------------------------------------- ----------- ----------- ---------
    Segment: CODE                              D:0B1839    D:0B1862       2ah


Module: .\rtl\common\print_globals.c (Library: crtSD.lib) Version: 1:0 10/02/2022 22:48:26

    Name                                           Base         Top      Size
    --------------------------------------- ----------- ----------- ---------
    Segment: BSS                               D:0B29EC    D:0B2A11       26h
    Segment: DATA                              D:0B2404    D:0B2406        3h


Module: .\rtl\common\print_putch.c (Library: crtSD.lib) Version: 1:0 10/02/2022 22:48:26

    Name                                           Base         Top      Size
    --------------------------------------- ----------- ----------- ---------
    Segment: CODE                              D:0B1C22    D:0B1C3F       1eh


Module: .\rtl\common\print_putstring.c (Library: crtSD.lib) Version: 1:0 10/02/2022 22:48:27

    Name                                           Base         Top      Size
    --------------------------------------- ----------- ----------- ---------
    Segment: CODE                              D:0B1335    D:0B149F      16bh


Module: .\rtl\common\print_send.c (Library: crtSD.lib) Version: 1:0 10/02/2022 22:48:27

    Name                                           Base         Top      Size
    --------------------------------------- ----------- ----------- ---------
    Segment: CODE                              D:0B18C1    D:0B1A78      1b8h


Module: .\rtl\common\print_sputch.c (Library: crtSD.lib) Version: 1:0 10/02/2022 22:48:26

    Name                                           Base         Top      Size
    --------------------------------------- ----------- ----------- ---------
    Segment: CODE                              D:0B14EC    D:0B1516       2bh


Module: .\rtl\common\print_uputch.c (Library: crtSD.lib) Version: 1:0 10/02/2022 22:48:26

    Name                                           Base         Top      Size
    --------------------------------------- ----------- ----------- ---------
    Segment: CODE                              D:0B14A6    D:0B14C2       1dh


Module: .\rtl\common\scmpzero.asm (Library: chelpD.lib) Version: 1:0 10/02/2022 22:48:52

    Name                                           Base         Top      Size
    --------------------------------------- ----------- ----------- ---------
    Segment: CODE                              D:0B1BB8    D:0B1BC4        dh


Module: .\rtl\common\seqcaseD.asm (Library: chelpD.lib) Version: 1:0 10/02/2022 22:48:52

    Name                                           Base         Top      Size
    --------------------------------------- ----------- ----------- ---------
    Segment: CODE                              D:0B12FA    D:0B1334       3bh


Module: .\rtl\common\setflag.asm (Library: chelpD.lib) Version: 1:0 10/02/2022 22:48:52

    Name                                           Base         Top      Size
    --------------------------------------- ----------- ----------- ---------
    Segment: CODE                              D:0B12C6    D:0B12D4        fh


Module: .\rtl\common\sor.asm (Library: chelpD.lib) Version: 1:0 10/02/2022 22:48:51

    Name                                           Base         Top      Size
    --------------------------------------- ----------- ----------- ---------
    Segment: CODE                              D:0B1C42    D:0B1C4A        9h


Module: .\rtl\common\stoiu.asm (Library: chelpD.lib) Version: 1:0 10/02/2022 22:48:51

    Name                                           Base         Top      Size
    --------------------------------------- ----------- ----------- ---------
    Segment: CODE                              D:0B14A0    D:0B14A5        6h


Module: .\rtl\common\tolower.c (Library: crtD.lib) Version: 1:0 10/02/2022 22:48:12

    Name                                           Base         Top      Size
    --------------------------------------- ----------- ----------- ---------
    Segment: CODE                              D:0B1BF0    D:0B1C21       32h


Module: .\rtl\common\uitoa.c (Library: crtSD.lib) Version: 1:0 10/02/2022 22:48:27

    Name                                           Base         Top      Size
    --------------------------------------- ----------- ----------- ---------
    Segment: CODE                              D:0B152C    D:0B154D       22h


Module: .\rtl\common\ultoa.c (Library: crtSD.lib) Version: 1:0 10/02/2022 22:48:28

    Name                                           Base         Top      Size
    --------------------------------------- ----------- ----------- ---------
    Segment: CODE                              D:0B154E    D:0B17E1      294h


Module: .\rtl\common\ureverse.c (Library: crtD.lib) Version: 1:0 10/02/2022 22:48:13

    Name                                           Base         Top      Size
    --------------------------------------- ----------- ----------- ---------
    Segment: CODE                              D:0B1AA2    D:0B1B18       77h


Module: .\rtl\common\uultoa.c (Library: crtSD.lib) Version: 1:0 10/02/2022 22:48:29

    Name                                           Base         Top      Size
    --------------------------------------- ----------- ----------- ---------
    Segment: CODE                              D:0B1C4B    D:0B1DE3      199h


Module: .\strcpy.asm (Library: crtD.lib) Version: 1:0 10/02/2022 22:48:13

    Name                                           Base         Top      Size
    --------------------------------------- ----------- ----------- ---------
    Segment: CODE                              D:0B1B9E    D:0B1BB7       1ah


Module: .\strlen.asm (Library: crtD.lib) Version: 1:0 10/02/2022 22:48:13

    Name                                           Base         Top      Size
    --------------------------------------- ----------- ----------- ---------
    Segment: CODE                              D:0B1517    D:0B152B       15h


Module: C:\source\agon-flash\src\crc32.asm (File: crc32.obj) Version: 1:0 11/01/2023 20:16:42

    Name                                           Base         Top      Size
    --------------------------------------- ----------- ----------- ---------
    Segment: CODE                              D:0B11B8    D:0B1269       b2h
    Segment: DATA                              D:0B2000    D:0B2403      404h


Module: C:\source\agon-flash\src\filesize.asm (File: filesize.obj) Version: 1:0 11/01/2023 20:16:42

    Name                                           Base         Top      Size
    --------------------------------------- ----------- ----------- ---------
    Segment: CODE                              D:0B126A    D:0B1286       1dh


Module: C:\source\agon-flash\src\flash.asm (File: flash.obj) Version: 1:0 11/01/2023 20:16:41

    Name                                           Base         Top      Size
    --------------------------------------- ----------- ----------- ---------
    Segment: CODE                              D:0B0F01    D:0B0FD1       d1h


Module: C:\source\agon-flash\src\init.asm (File: init.obj) Version: 1:0 11/01/2023 20:16:41

    Name                                           Base         Top      Size
    --------------------------------------- ----------- ----------- ---------
    Segment: CODE                              D:0B0000    D:0B00E4       e5h
    Segment: DATA                              D:0B1E51    D:0B1E80       30h


Module: C:\source\agon-flash\src\mos-interface.asm (File: mos-interface.obj) Version: 1:0 11/01/2023 20:16:41

    Name                                           Base         Top      Size
    --------------------------------------- ----------- ----------- ---------
    Segment: CODE                              D:0B0DD0    D:0B0F00      131h

EXTERNAL DEFINITIONS:
=====================

Symbol                               Address Module          Segment
-------------------------------- ----------- --------------- --------------------------------
___maptab                           D:0B2407 maptab          DATA                            
___print_buff                       D:0B29EC print_globals   BSS                             
___print_fmt                        D:0B29FA print_globals   BSS                             
___print_leading_char               D:0B2A0E print_globals   BSS                             
___print_len                        D:0B2A0D print_globals   BSS                             
___print_out                        D:0B2A0F print_globals   BSS                             
___print_putch                      D:0B1C22 print_putch     CODE                            
___print_send                       D:0B18C1 print_send      CODE                            
___print_sendstring                 D:0B1335 print_putstring CODE                            
___print_sputch                     D:0B14EC print_sputch    CODE                            
___print_uputch                     D:0B14A6 print_uputch    CODE                            
___print_xputch                     D:0B2404 print_globals   DATA                            
__case8D                            D:0B1B45 case8D          CODE                            
__close_periphdevice                D:0B1287 zsldevinitdummy CODE                            
__iand                              D:0B1BC5 iand            CODE                            
__icmpzero                          D:0B1863 icmpzero        CODE                            
__indcall                           D:0B1C40 indcall         CODE                            
__ineg                              D:0B1B7F ineg            CODE                            
__ishrs                             D:0B12DD ishrs           CODE                            
__ishrs_b                           D:0B12D5 ishrs           CODE                            
__ishru                             D:0B1B21 ishru           CODE                            
__ishru_b                           D:0B1B19 ishru           CODE                            
__itol                              D:0B1B3E itol            CODE                            
__ladd                              D:0B1297 ladd            CODE                            
__ladd_b                            D:0B1288 ladd            CODE                            
__lcmps                             D:0B1B88 lcmpu           CODE                            
__lcmpu                             D:0B1B88 lcmpu           CODE                            
__lcmpzero                          D:0B17EF lcmpzero        CODE                            
__ldivu                             D:0B1803 ldivu           CODE                            
__ldvrmu                            D:0B1815 ldivu           CODE                            
__len_bss                           00000229 (User Defined)
__lmuls                             D:0B1DE4 lmulu           CODE                            
__lmulu                             D:0B1DE4 lmulu           CODE                            
__lneg                              D:0B17E2 lneg            CODE                            
__low_bss                           000B27E9 (User Defined)
__lremu                             D:0B1BE0 lremu           CODE                            
__open_periphdevice                 D:0B1287 zsldevinitdummy CODE                            
__scmpzero                          D:0B1BB8 scmpzero        CODE                            
__seqcaseD                          D:0B12FA seqcaseD        CODE                            
__setflag                           D:0B12C6 setflag         CODE                            
__sneg                              D:0B1B7F ineg            CODE                            
__sor                               D:0B1C42 sor             CODE                            
__stoiu                             D:0B14A0 stoiu           CODE                            
__u_itoa                            D:0B152C uitoa           CODE                            
__u_ltoa                            D:0B154E ultoa           CODE                            
__u_reverse                         D:0B1AA2 ureverse        CODE                            
__u_ultoa                           D:0B1C4B uultoa          CODE                            
_abs                                D:0B14C3 abs             CODE                            
_beep                               D:0B010B main            CODE                            
_close_periphdevice                 D:0B1287 zsldevinitdummy CODE                            
_containsESP32Header                D:0B02DB main            CODE                            
_containsMosHeader                  D:0B0290 main            CODE                            
_crc32                              D:0B120A crc32           CODE                            
_crc32_finalize                     D:0B11CD crc32           CODE                            
_crc32_initialize                   D:0B11B8 crc32           CODE                            
_delayms                            D:0B0FD2 agontimer       CODE                            
_echoVDP                            D:0B09D1 main            CODE                            
_enableFlashKeyRegister             D:0B0F01 flash           CODE                            
_errno                              D:0B27E9 main            BSS                             
_esp32_magicnumbers                 D:0B1E86 main            DATA                            
_fastmemcpy                         D:0B0F2E flash           CODE                            
_flashmos                           D:0B1E8A main            DATA                            
_flashvdp                           D:0B1E8B main            DATA                            
_getch                              D:0B0DD0 mos-interface   CODE                            
_getCharAt                          D:0B0141 main            CODE                            
_getCommand                         D:0B0A14 main            CODE                            
_getFileSize                        D:0B126A filesize        CODE                            
_getResponse                        D:0B0375 main            CODE                            
_getsysvar_cursorX                  D:0B0E02 mos-interface   CODE                            
_getsysvar_cursorY                  D:0B0E0E mos-interface   CODE                            
_getsysvar_scrchar                  D:0B0E1A mos-interface   CODE                            
_getsysvars                         D:0B0DF6 mos-interface   CODE                            
_isalpha                            D:0B1A79 isalpha         CODE                            
_isdigit                            D:0B186F isdigit         CODE                            
_isspace                            D:0B1898 isspace         CODE                            
_isupper                            D:0B129D isupper         CODE                            
_lockFlashKeyRegister               D:0B0F19 flash           CODE                            
_main                               D:0B0C35 main            CODE                            
_memcmp                             D:0B1839 memcmp          CODE                            
_mos_del                            D:0B0EB2 mos-interface   CODE                            
_mos_fclose                         D:0B0E3E mos-interface   CODE                            
_mos_feof                           D:0B0E9D mos-interface   CODE                            
_mos_fgetc                          D:0B0E53 mos-interface   CODE                            
_mos_flseek                         D:0B0EE2 mos-interface   CODE                            
_mos_fopen                          D:0B0E26 mos-interface   CODE                            
_mos_fread                          D:0B0E68 mos-interface   CODE                            
_mos_magicnumbers                   D:0B1E81 main            DATA                            
_mos_save                           D:0B0EC7 mos-interface   CODE                            
_mosfilename                        D:0B27EC main            BSS                             
_open_periphdevice                  D:0B1287 zsldevinitdummy CODE                            
_parseCommands                      D:0B0A88 main            CODE                            
_print_version                      D:0B032F main            CODE                            
_putch                              D:0B00E5 main            CODE                            
_reset                              D:0B0F2C flash           CODE                            
_startVDPupdate                     D:0B0F4D flash           CODE                            
_strcpy                             D:0B1B9E strcpy          CODE                            
_strlen                             D:0B1517 strlen          CODE                            
_strtoll                            D:0B1034 strtoll         CODE                            
_tolower                            D:0B1BF0 tolower         CODE                            
_update_mos                         D:0B05BC main            CODE                            
_update_vdp                         D:0B047B main            CODE                            
_usage                              D:0B0350 main            CODE                            
_vdp_ota_present                    D:0B01E3 main            CODE                            
_vdpfilename                        D:0B28EC main            BSS                             
_waitvblank                         D:0B0DE5 mos-interface   CODE                            

105 external symbol(s).

SYMBOL CROSS REFERENCE:
=======================
Name                              Use         Module
--------------------------------- ----------- -------------------------
___maptab                         Defined     .\rtl\common\maptab.c
                                  Referenced  .\rtl\common\isupper.c
                                  Referenced  .\rtl\common\isdigit.c
                                  Referenced  .\rtl\common\isspace.c
                                  Referenced  .\rtl\common\isalpha.c
___print_buff                     Defined     .\rtl\common\print_globals.c
                                  Referenced  .\rtl\common\ultoa.c
                                  Referenced  .\rtl\common\print_send.c
                                  Referenced  .\rtl\common\uultoa.c
___print_fmt                      Defined     .\rtl\common\print_globals.c
                                  Referenced  ..\main.c
                                  Referenced  .\rtl\common\print_putstring.c
                                  Referenced  .\rtl\common\ultoa.c
                                  Referenced  .\rtl\common\print_send.c
                                  Referenced  .\rtl\common\uultoa.c
___print_leading_char             Defined     .\rtl\common\print_globals.c
                                  Referenced  .\rtl\common\ultoa.c
                                  Referenced  .\rtl\common\print_send.c
___print_len                      Defined     .\rtl\common\print_globals.c
                                  Referenced  .\rtl\common\print_putstring.c
                                  Referenced  .\rtl\common\print_send.c
___print_out                      Defined     .\rtl\common\print_globals.c
                                  Referenced  .\rtl\common\print_sputch.c
___print_putch                    Defined     .\rtl\common\print_putch.c
                                  Referenced  .\rtl\common\print_putstring.c
                                  Referenced  .\rtl\common\print_send.c
___print_send                     Defined     .\rtl\common\print_send.c
                                  Referenced  .\rtl\common\ultoa.c
                                  Referenced  .\rtl\common\uultoa.c
___print_sendstring               Defined     .\rtl\common\print_putstring.c
                                  Referenced  ..\main.c
___print_sputch                   Defined     .\rtl\common\print_sputch.c
                                  Referenced  .\rtl\common\print_globals.c
___print_uputch                   Defined     .\rtl\common\print_uputch.c
                                  Referenced  ..\main.c
___print_xputch                   Defined     .\rtl\common\print_globals.c
                                  Referenced  ..\main.c
                                  Referenced  .\rtl\common\print_putch.c
__case8D                          Defined     .\rtl\common\case8D.asm
                                  Referenced  ..\main.c
                                  Referenced  .\rtl\common\ultoa.c
                                  Referenced  .\rtl\common\uultoa.c
__close_periphdevice              Defined     ..\src\boot\common\zsldevinitdummy.asm
__iand                            Defined     .\rtl\common\iand.asm
                                  Referenced  ..\main.c
__icmpzero                        Defined     .\rtl\common\icmpzero.asm
                                  Referenced  ..\main.c
                                  Referenced  ..\agontimer.c
                                  Referenced  ..\strtoll.c
                                  Referenced  .\rtl\common\abs.c
                                  Referenced  .\rtl\common\tolower.c
__indcall                         Defined     .\rtl\common\indcall.asm
                                  Referenced  .\rtl\common\print_putch.c
__ineg                            Defined     .\rtl\common\ineg.asm
                                  Referenced  .\rtl\common\abs.c
__ishrs                           Defined     .\rtl\common\ishrs.asm
__ishrs_b                         Defined     .\rtl\common\ishrs.asm
                                  Referenced  ..\main.c
__ishru                           Defined     .\rtl\common\ishru.asm
__ishru_b                         Defined     .\rtl\common\ishru.asm
                                  Referenced  ..\main.c
__itol                            Defined     .\rtl\common\itol.asm
                                  Referenced  ..\main.c
                                  Referenced  ..\strtoll.c
                                  Referenced  .\rtl\common\uitoa.c
__ladd                            Defined     .\rtl\common\ladd.asm
                                  Referenced  ..\strtoll.c
__ladd_b                          Defined     .\rtl\common\ladd.asm
__lcmps                           Defined     .\rtl\common\lcmpu.asm
__lcmpu                           Defined     .\rtl\common\lcmpu.asm
                                  Referenced  ..\main.c
                                  Referenced  .\rtl\common\ultoa.c
                                  Referenced  .\rtl\common\lcmpzero.asm
__lcmpzero                        Defined     .\rtl\common\lcmpzero.asm
                                  Referenced  .\rtl\common\ultoa.c
                                  Referenced  .\rtl\common\uultoa.c
__ldivu                           Defined     .\rtl\common\ldivu.asm
                                  Referenced  .\rtl\common\ultoa.c
                                  Referenced  .\rtl\common\uultoa.c
__ldvrmu                          Defined     .\rtl\common\ldivu.asm
                                  Referenced  .\rtl\common\lremu.asm
__len_bss                         Defined     LINKER
                                  Referenced  C:\source\agon-flash\src\init.asm
__lmuls                           Defined     .\rtl\common\lmulu.asm
__lmulu                           Defined     .\rtl\common\lmulu.asm
                                  Referenced  ..\strtoll.c
__lneg                            Defined     .\rtl\common\lneg.asm
                                  Referenced  .\rtl\common\ultoa.c
__low_bss                         Defined     LINKER
                                  Referenced  C:\source\agon-flash\src\init.asm
__lremu                           Defined     .\rtl\common\lremu.asm
                                  Referenced  .\rtl\common\ultoa.c
                                  Referenced  .\rtl\common\uultoa.c
__open_periphdevice               Defined     ..\src\boot\common\zsldevinitdummy.asm
__scmpzero                        Defined     .\rtl\common\scmpzero.asm
                                  Referenced  ..\main.c
                                  Referenced  ..\agontimer.c
__seqcaseD                        Defined     .\rtl\common\seqcaseD.asm
                                  Referenced  ..\main.c
__setflag                         Defined     .\rtl\common\setflag.asm
                                  Referenced  ..\main.c
                                  Referenced  ..\strtoll.c
                                  Referenced  .\rtl\common\print_putstring.c
                                  Referenced  .\rtl\common\abs.c
                                  Referenced  .\rtl\common\ultoa.c
                                  Referenced  .\rtl\common\print_send.c
__sneg                            Defined     .\rtl\common\ineg.asm
__sor                             Defined     .\rtl\common\sor.asm
                                  Referenced  ..\agontimer.c
__stoiu                           Defined     .\rtl\common\stoiu.asm
                                  Referenced  ..\main.c
__u_itoa                          Defined     .\rtl\common\uitoa.c
                                  Referenced  ..\main.c
__u_ltoa                          Defined     .\rtl\common\ultoa.c
                                  Referenced  .\rtl\common\uitoa.c
__u_reverse                       Defined     .\rtl\common\ureverse.c
                                  Referenced  .\rtl\common\ultoa.c
                                  Referenced  .\rtl\common\uultoa.c
__u_ultoa                         Defined     .\rtl\common\uultoa.c
                                  Referenced  ..\main.c
_abs                              Defined     .\rtl\common\abs.c
                                  Referenced  .\rtl\common\print_putstring.c
                                  Referenced  .\rtl\common\print_send.c
_beep                             Defined     ..\main.c
_close_periphdevice               Defined     ..\src\boot\common\zsldevinitdummy.asm
_containsESP32Header              Defined     ..\main.c
_containsMosHeader                Defined     ..\main.c
_crc32                            Defined     C:\source\agon-flash\src\crc32.asm
                                  Referenced  ..\main.c
_crc32_finalize                   Defined     C:\source\agon-flash\src\crc32.asm
                                  Referenced  ..\main.c
_crc32_initialize                 Defined     C:\source\agon-flash\src\crc32.asm
                                  Referenced  ..\main.c
_delayms                          Defined     ..\agontimer.c
                                  Referenced  ..\main.c
_echoVDP                          Defined     ..\main.c
_enableFlashKeyRegister           Defined     C:\source\agon-flash\src\flash.asm
                                  Referenced  ..\main.c
_errno                            Defined     ..\main.c
                                  Referenced  ..\strtoll.c
_esp32_magicnumbers               Defined     ..\main.c
_fastmemcpy                       Defined     C:\source\agon-flash\src\flash.asm
                                  Referenced  ..\main.c
_flashmos                         Defined     ..\main.c
_flashvdp                         Defined     ..\main.c
_getch                            Defined     C:\source\agon-flash\src\mos-interface.asm
                                  Referenced  ..\main.c
_getCharAt                        Defined     ..\main.c
_getCommand                       Defined     ..\main.c
_getFileSize                      Defined     C:\source\agon-flash\src\filesize.asm
                                  Referenced  ..\main.c
_getResponse                      Defined     ..\main.c
_getsysvar_cursorX                Defined     C:\source\agon-flash\src\mos-interface.asm
_getsysvar_cursorY                Defined     C:\source\agon-flash\src\mos-interface.asm
_getsysvar_scrchar                Defined     C:\source\agon-flash\src\mos-interface.asm
_getsysvars                       Defined     C:\source\agon-flash\src\mos-interface.asm
                                  Referenced  ..\main.c
_isalpha                          Defined     .\rtl\common\isalpha.c
                                  Referenced  ..\strtoll.c
_isdigit                          Defined     .\rtl\common\isdigit.c
                                  Referenced  ..\strtoll.c
_isspace                          Defined     .\rtl\common\isspace.c
                                  Referenced  ..\strtoll.c
_isupper                          Defined     .\rtl\common\isupper.c
                                  Referenced  ..\strtoll.c
                                  Referenced  .\rtl\common\tolower.c
_lockFlashKeyRegister             Defined     C:\source\agon-flash\src\flash.asm
                                  Referenced  ..\main.c
_main                             Defined     ..\main.c
                                  Referenced  C:\source\agon-flash\src\init.asm
_memcmp                           Defined     .\rtl\common\memcmp.asm
                                  Referenced  ..\main.c
_mos_del                          Defined     C:\source\agon-flash\src\mos-interface.asm
_mos_fclose                       Defined     C:\source\agon-flash\src\mos-interface.asm
                                  Referenced  ..\main.c
_mos_feof                         Defined     C:\source\agon-flash\src\mos-interface.asm
_mos_fgetc                        Defined     C:\source\agon-flash\src\mos-interface.asm
_mos_flseek                       Defined     C:\source\agon-flash\src\mos-interface.asm
                                  Referenced  ..\main.c
_mos_fopen                        Defined     C:\source\agon-flash\src\mos-interface.asm
                                  Referenced  ..\main.c
_mos_fread                        Defined     C:\source\agon-flash\src\mos-interface.asm
                                  Referenced  ..\main.c
_mos_magicnumbers                 Defined     ..\main.c
_mos_save                         Defined     C:\source\agon-flash\src\mos-interface.asm
_mosfilename                      Defined     ..\main.c
_open_periphdevice                Defined     ..\src\boot\common\zsldevinitdummy.asm
_parseCommands                    Defined     ..\main.c
_print_version                    Defined     ..\main.c
_putch                            Defined     ..\main.c
                                  Referenced  .\rtl\common\print_uputch.c
_reset                            Defined     C:\source\agon-flash\src\flash.asm
_startVDPupdate                   Defined     C:\source\agon-flash\src\flash.asm
                                  Referenced  ..\main.c
_strcpy                           Defined     .\strcpy.asm
                                  Referenced  ..\main.c
_strlen                           Defined     .\strlen.asm
                                  Referenced  .\rtl\common\print_putstring.c
                                  Referenced  .\rtl\common\print_send.c
                                  Referenced  .\rtl\common\ureverse.c
                                  Referenced  .\strcpy.asm
_strtoll                          Defined     ..\strtoll.c
_tolower                          Defined     .\rtl\common\tolower.c
                                  Referenced  ..\main.c
_update_mos                       Defined     ..\main.c
_update_vdp                       Defined     ..\main.c
_usage                            Defined     ..\main.c
_vdp_ota_present                  Defined     ..\main.c
_vdpfilename                      Defined     ..\main.c
_waitvblank                       Defined     C:\source\agon-flash\src\mos-interface.asm

OUTPUT CHECKSUM
===============
flash.hex            108344
flash.lod            108344



END OF LINK MAP:
================
0 Errors
0 Warnings
