
IEEE 695 OMF Linker Version 6.25 (19073001)
Copyright (C) 1999-2008 Zilog, Inc. All Rights Reserved

LINK MAP:

DATE:      Wed Nov 01 22:19:39 2023
PROCESSOR: assembler
FILES:     .\init.obj             .\main.obj             
           .\mos-interface.obj
           .\flash.obj            .\agontimer.obj        .\strtoll.obj          
           .\crc32.obj            .\filesize.obj         
           C:\ZiLOG\ZDSII_eZ80Acclaim!_5.3.5\lib\std\chelpD.lib
           C:\ZiLOG\ZDSII_eZ80Acclaim!_5.3.5\lib\std\crtD.lib
           C:\ZiLOG\ZDSII_eZ80Acclaim!_5.3.5\lib\std\crtSD.lib
           C:\ZiLOG\ZDSII_eZ80Acclaim!_5.3.5\lib\std\nokernelD.lib
           C:\ZiLOG\ZDSII_eZ80Acclaim!_5.3.5\lib\zilog\zsldevinitdummy.obj
           


COMMAND LIST:
=============
-FORMAT=OMF695,INTEL32
-map -maxhexlen=64 -quiet -warnoverlap -xref -unresolved=fatal
-sort NAME=ascending -warn -debug -NOigcase


RANGE ROM $000000 : $01FFFF
RANGE RAM $0B0000 : $0BFFFF
RANGE EXTIO $000000 : $00FFFF
RANGE INTIO $000000 : $0000FF

CHANGE CODE = RAM
CHANGE STRSECT = RAM
CHANGE DATA = RAM 

ORDER CODE,DATA

DEFINE __low_bss = base of BSS
DEFINE __len_bss = length of BSS

 "flash"=  ".\init.obj",  ".\main.obj",  ".\mos-interface.obj",  ".\flash.obj",  ".\agontimer.obj",  ".\strtoll.obj",  ".\crc32.obj",  ".\filesize.obj",  "C:\ZiLOG\ZDSII_eZ80Acclaim!_5.3.5\lib\std\chelpD.lib",  "C:\ZiLOG\ZDSII_eZ80Acclaim!_5.3.5\lib\std\crtD.lib",  "C:\ZiLOG\ZDSII_eZ80Acclaim!_5.3.5\lib\std\crtSD.lib",  "C:\ZiLOG\ZDSII_eZ80Acclaim!_5.3.5\lib\std\nokernelD.lib",  "C:\ZiLOG\ZDSII_eZ80Acclaim!_5.3.5\lib\zilog\zsldevinitdummy.obj"


SPACE ALLOCATION:
=================

Space                     Base         Top      Size      Used    Unused
------------------ ----------- ----------- --------- --------- ---------
RAM                   D:0B0000    D:0B295A    10000H     28AEH     D752H
                                          (    65536     10414     55122)


SEGMENTS WITHIN SPACE:
======================

RAM                               Type        Base         Top      Size
------------------ ------------------- ----------- ----------- ---------
BSS                normal data            D:0B2732    D:0B295A      229h
CODE               normal data            D:0B0000    D:0B1F16     1f17h
DATA               normal data            D:0B1F17    D:0B2486      4c3h
STRSECT            normal data            D:0B2487    D:0B2731      2abh

SEGMENTS WITHIN MODULES:
========================

Module: ..\agontimer.c (File: agontimer.obj) Version: 1:0 11/01/2023 22:19:39

    Name                                           Base         Top      Size
    --------------------------------------- ----------- ----------- ---------
    Segment: CODE                              D:0B1098    D:0B10F9       62h


Module: ..\main.c (File: main.obj) Version: 1:0 11/01/2023 22:19:39

    Name                                           Base         Top      Size
    --------------------------------------- ----------- ----------- ---------
    Segment: BSS                               D:0B2732    D:0B2934      203h
    Segment: CODE                              D:0B00E5    D:0B0E95      db1h
    Segment: DATA                              D:0B1F47    D:0B1F52        ch
    Segment: STRSECT                           D:0B2487    D:0B2731      2abh


Module: ..\src\boot\common\zsldevinitdummy.asm (File: zsldevinitdummy.obj) Version: 1:0 10/02/2022 22:49:19

    Name                                           Base         Top      Size
    --------------------------------------- ----------- ----------- ---------
    Segment: CODE                              D:0B134D    D:0B134D        1h


Module: ..\strtoll.c (File: strtoll.obj) Version: 1:0 11/01/2023 22:19:39

    Name                                           Base         Top      Size
    --------------------------------------- ----------- ----------- ---------
    Segment: CODE                              D:0B10FA    D:0B127D      184h


Module: .\rtl\common\abs.c (Library: crtD.lib) Version: 1:0 10/02/2022 22:48:07

    Name                                           Base         Top      Size
    --------------------------------------- ----------- ----------- ---------
    Segment: CODE                              D:0B1589    D:0B15B1       29h


Module: .\rtl\common\case8D.asm (Library: chelpD.lib) Version: 1:0 10/02/2022 22:48:53

    Name                                           Base         Top      Size
    --------------------------------------- ----------- ----------- ---------
    Segment: CODE                              D:0B1C0B    D:0B1C44       3ah


Module: .\rtl\common\iand.asm (Library: chelpD.lib) Version: 1:0 10/02/2022 22:48:50

    Name                                           Base         Top      Size
    --------------------------------------- ----------- ----------- ---------
    Segment: CODE                              D:0B1C8B    D:0B1CA5       1bh


Module: .\rtl\common\icmpzero.asm (Library: chelpD.lib) Version: 1:0 10/02/2022 22:48:52

    Name                                           Base         Top      Size
    --------------------------------------- ----------- ----------- ---------
    Segment: CODE                              D:0B1929    D:0B1934        ch


Module: .\rtl\common\indcall.asm (Library: chelpD.lib) Version: 1:0 10/02/2022 22:48:50

    Name                                           Base         Top      Size
    --------------------------------------- ----------- ----------- ---------
    Segment: CODE                              D:0B1D06    D:0B1D07        2h


Module: .\rtl\common\ineg.asm (Library: chelpD.lib) Version: 1:0 10/02/2022 22:48:50

    Name                                           Base         Top      Size
    --------------------------------------- ----------- ----------- ---------
    Segment: CODE                              D:0B1C5B    D:0B1C63        9h


Module: .\rtl\common\isalpha.c (Library: crtD.lib) Version: 1:0 10/02/2022 22:48:08

    Name                                           Base         Top      Size
    --------------------------------------- ----------- ----------- ---------
    Segment: CODE                              D:0B1B3F    D:0B1B67       29h


Module: .\rtl\common\isdigit.c (Library: crtD.lib) Version: 1:0 10/02/2022 22:48:08

    Name                                           Base         Top      Size
    --------------------------------------- ----------- ----------- ---------
    Segment: CODE                              D:0B1935    D:0B195D       29h


Module: .\rtl\common\ishrs.asm (Library: chelpD.lib) Version: 1:0 10/02/2022 22:48:50

    Name                                           Base         Top      Size
    --------------------------------------- ----------- ----------- ---------
    Segment: CODE                              D:0B139B    D:0B13BF       25h


Module: .\rtl\common\ishru.asm (Library: chelpD.lib) Version: 1:0 10/02/2022 22:48:50

    Name                                           Base         Top      Size
    --------------------------------------- ----------- ----------- ---------
    Segment: CODE                              D:0B1BDF    D:0B1C03       25h


Module: .\rtl\common\isspace.c (Library: crtD.lib) Version: 1:0 10/02/2022 22:48:09

    Name                                           Base         Top      Size
    --------------------------------------- ----------- ----------- ---------
    Segment: CODE                              D:0B195E    D:0B1986       29h


Module: .\rtl\common\isupper.c (Library: crtD.lib) Version: 1:0 10/02/2022 22:48:09

    Name                                           Base         Top      Size
    --------------------------------------- ----------- ----------- ---------
    Segment: CODE                              D:0B1372    D:0B139A       29h


Module: .\rtl\common\itol.asm (Library: chelpD.lib) Version: 1:0 10/02/2022 22:48:50

    Name                                           Base         Top      Size
    --------------------------------------- ----------- ----------- ---------
    Segment: CODE                              D:0B1C04    D:0B1C0A        7h


Module: .\rtl\common\ladd.asm (Library: chelpD.lib) Version: 1:0 10/02/2022 22:48:50

    Name                                           Base         Top      Size
    --------------------------------------- ----------- ----------- ---------
    Segment: CODE                              D:0B134E    D:0B1362       15h


Module: .\rtl\common\lcmpu.asm (Library: chelpD.lib) Version: 1:0 10/02/2022 22:48:50

    Name                                           Base         Top      Size
    --------------------------------------- ----------- ----------- ---------
    Segment: CODE                              D:0B1C45    D:0B1C5A       16h


Module: .\rtl\common\lcmpzero.asm (Library: chelpD.lib) Version: 1:0 10/02/2022 22:48:52

    Name                                           Base         Top      Size
    --------------------------------------- ----------- ----------- ---------
    Segment: CODE                              D:0B18B5    D:0B18C8       14h


Module: .\rtl\common\ldivu.asm (Library: chelpD.lib) Version: 1:0 10/02/2022 22:48:50

    Name                                           Base         Top      Size
    --------------------------------------- ----------- ----------- ---------
    Segment: CODE                              D:0B18C9    D:0B18FE       36h


Module: .\rtl\common\lmulu.asm (Library: chelpD.lib) Version: 1:0 10/02/2022 22:48:50

    Name                                           Base         Top      Size
    --------------------------------------- ----------- ----------- ---------
    Segment: CODE                              D:0B1EAA    D:0B1F16       6dh


Module: .\rtl\common\lneg.asm (Library: chelpD.lib) Version: 1:0 10/02/2022 22:48:50

    Name                                           Base         Top      Size
    --------------------------------------- ----------- ----------- ---------
    Segment: CODE                              D:0B18A8    D:0B18B4        dh


Module: .\rtl\common\lremu.asm (Library: chelpD.lib) Version: 1:0 10/02/2022 22:48:50

    Name                                           Base         Top      Size
    --------------------------------------- ----------- ----------- ---------
    Segment: CODE                              D:0B1CA6    D:0B1CB5       10h


Module: .\rtl\common\maptab.c (Library: crtD.lib) Version: 1:0 10/02/2022 22:48:09

    Name                                           Base         Top      Size
    --------------------------------------- ----------- ----------- ---------
    Segment: DATA                              D:0B2407    D:0B2486       80h


Module: .\rtl\common\memcmp.asm (Library: crtD.lib) Version: 1:0 10/02/2022 22:48:13

    Name                                           Base         Top      Size
    --------------------------------------- ----------- ----------- ---------
    Segment: CODE                              D:0B18FF    D:0B1928       2ah


Module: .\rtl\common\print_globals.c (Library: crtSD.lib) Version: 1:0 10/02/2022 22:48:26

    Name                                           Base         Top      Size
    --------------------------------------- ----------- ----------- ---------
    Segment: BSS                               D:0B2935    D:0B295A       26h
    Segment: DATA                              D:0B2404    D:0B2406        3h


Module: .\rtl\common\print_putch.c (Library: crtSD.lib) Version: 1:0 10/02/2022 22:48:26

    Name                                           Base         Top      Size
    --------------------------------------- ----------- ----------- ---------
    Segment: CODE                              D:0B1CE8    D:0B1D05       1eh


Module: .\rtl\common\print_putstring.c (Library: crtSD.lib) Version: 1:0 10/02/2022 22:48:27

    Name                                           Base         Top      Size
    --------------------------------------- ----------- ----------- ---------
    Segment: CODE                              D:0B13FB    D:0B1565      16bh


Module: .\rtl\common\print_send.c (Library: crtSD.lib) Version: 1:0 10/02/2022 22:48:27

    Name                                           Base         Top      Size
    --------------------------------------- ----------- ----------- ---------
    Segment: CODE                              D:0B1987    D:0B1B3E      1b8h


Module: .\rtl\common\print_sputch.c (Library: crtSD.lib) Version: 1:0 10/02/2022 22:48:26

    Name                                           Base         Top      Size
    --------------------------------------- ----------- ----------- ---------
    Segment: CODE                              D:0B15B2    D:0B15DC       2bh


Module: .\rtl\common\print_uputch.c (Library: crtSD.lib) Version: 1:0 10/02/2022 22:48:26

    Name                                           Base         Top      Size
    --------------------------------------- ----------- ----------- ---------
    Segment: CODE                              D:0B156C    D:0B1588       1dh


Module: .\rtl\common\scmpzero.asm (Library: chelpD.lib) Version: 1:0 10/02/2022 22:48:52

    Name                                           Base         Top      Size
    --------------------------------------- ----------- ----------- ---------
    Segment: CODE                              D:0B1C7E    D:0B1C8A        dh


Module: .\rtl\common\seqcaseD.asm (Library: chelpD.lib) Version: 1:0 10/02/2022 22:48:52

    Name                                           Base         Top      Size
    --------------------------------------- ----------- ----------- ---------
    Segment: CODE                              D:0B13C0    D:0B13FA       3bh


Module: .\rtl\common\setflag.asm (Library: chelpD.lib) Version: 1:0 10/02/2022 22:48:52

    Name                                           Base         Top      Size
    --------------------------------------- ----------- ----------- ---------
    Segment: CODE                              D:0B1363    D:0B1371        fh


Module: .\rtl\common\sor.asm (Library: chelpD.lib) Version: 1:0 10/02/2022 22:48:51

    Name                                           Base         Top      Size
    --------------------------------------- ----------- ----------- ---------
    Segment: CODE                              D:0B1D08    D:0B1D10        9h


Module: .\rtl\common\stoiu.asm (Library: chelpD.lib) Version: 1:0 10/02/2022 22:48:51

    Name                                           Base         Top      Size
    --------------------------------------- ----------- ----------- ---------
    Segment: CODE                              D:0B1566    D:0B156B        6h


Module: .\rtl\common\tolower.c (Library: crtD.lib) Version: 1:0 10/02/2022 22:48:12

    Name                                           Base         Top      Size
    --------------------------------------- ----------- ----------- ---------
    Segment: CODE                              D:0B1CB6    D:0B1CE7       32h


Module: .\rtl\common\uitoa.c (Library: crtSD.lib) Version: 1:0 10/02/2022 22:48:27

    Name                                           Base         Top      Size
    --------------------------------------- ----------- ----------- ---------
    Segment: CODE                              D:0B15F2    D:0B1613       22h


Module: .\rtl\common\ultoa.c (Library: crtSD.lib) Version: 1:0 10/02/2022 22:48:28

    Name                                           Base         Top      Size
    --------------------------------------- ----------- ----------- ---------
    Segment: CODE                              D:0B1614    D:0B18A7      294h


Module: .\rtl\common\ureverse.c (Library: crtD.lib) Version: 1:0 10/02/2022 22:48:13

    Name                                           Base         Top      Size
    --------------------------------------- ----------- ----------- ---------
    Segment: CODE                              D:0B1B68    D:0B1BDE       77h


Module: .\rtl\common\uultoa.c (Library: crtSD.lib) Version: 1:0 10/02/2022 22:48:29

    Name                                           Base         Top      Size
    --------------------------------------- ----------- ----------- ---------
    Segment: CODE                              D:0B1D11    D:0B1EA9      199h


Module: .\strcpy.asm (Library: crtD.lib) Version: 1:0 10/02/2022 22:48:13

    Name                                           Base         Top      Size
    --------------------------------------- ----------- ----------- ---------
    Segment: CODE                              D:0B1C64    D:0B1C7D       1ah


Module: .\strlen.asm (Library: crtD.lib) Version: 1:0 10/02/2022 22:48:13

    Name                                           Base         Top      Size
    --------------------------------------- ----------- ----------- ---------
    Segment: CODE                              D:0B15DD    D:0B15F1       15h


Module: C:\source\agon-flash\src\crc32.asm (File: crc32.obj) Version: 1:0 11/01/2023 22:19:39

    Name                                           Base         Top      Size
    --------------------------------------- ----------- ----------- ---------
    Segment: CODE                              D:0B127E    D:0B132F       b2h
    Segment: DATA                              D:0B2000    D:0B2403      404h


Module: C:\source\agon-flash\src\filesize.asm (File: filesize.obj) Version: 1:0 11/01/2023 22:19:39

    Name                                           Base         Top      Size
    --------------------------------------- ----------- ----------- ---------
    Segment: CODE                              D:0B1330    D:0B134C       1dh


Module: C:\source\agon-flash\src\flash.asm (File: flash.obj) Version: 1:0 11/01/2023 22:19:39

    Name                                           Base         Top      Size
    --------------------------------------- ----------- ----------- ---------
    Segment: CODE                              D:0B0FC7    D:0B1097       d1h


Module: C:\source\agon-flash\src\init.asm (File: init.obj) Version: 1:0 11/01/2023 22:19:39

    Name                                           Base         Top      Size
    --------------------------------------- ----------- ----------- ---------
    Segment: CODE                              D:0B0000    D:0B00E4       e5h
    Segment: DATA                              D:0B1F17    D:0B1F46       30h


Module: C:\source\agon-flash\src\mos-interface.asm (File: mos-interface.obj) Version: 1:0 11/01/2023 22:19:39

    Name                                           Base         Top      Size
    --------------------------------------- ----------- ----------- ---------
    Segment: CODE                              D:0B0E96    D:0B0FC6      131h

EXTERNAL DEFINITIONS:
=====================

Symbol                               Address Module          Segment
-------------------------------- ----------- --------------- --------------------------------
___maptab                           D:0B2407 maptab          DATA                            
___print_buff                       D:0B2935 print_globals   BSS                             
___print_fmt                        D:0B2943 print_globals   BSS                             
___print_leading_char               D:0B2957 print_globals   BSS                             
___print_len                        D:0B2956 print_globals   BSS                             
___print_out                        D:0B2958 print_globals   BSS                             
___print_putch                      D:0B1CE8 print_putch     CODE                            
___print_send                       D:0B1987 print_send      CODE                            
___print_sendstring                 D:0B13FB print_putstring CODE                            
___print_sputch                     D:0B15B2 print_sputch    CODE                            
___print_uputch                     D:0B156C print_uputch    CODE                            
___print_xputch                     D:0B2404 print_globals   DATA                            
__case8D                            D:0B1C0B case8D          CODE                            
__close_periphdevice                D:0B134D zsldevinitdummy CODE                            
__iand                              D:0B1C8B iand            CODE                            
__icmpzero                          D:0B1929 icmpzero        CODE                            
__indcall                           D:0B1D06 indcall         CODE                            
__ineg                              D:0B1C5B ineg            CODE                            
__ishrs                             D:0B13A3 ishrs           CODE                            
__ishrs_b                           D:0B139B ishrs           CODE                            
__ishru                             D:0B1BE7 ishru           CODE                            
__ishru_b                           D:0B1BDF ishru           CODE                            
__itol                              D:0B1C04 itol            CODE                            
__ladd                              D:0B135D ladd            CODE                            
__ladd_b                            D:0B134E ladd            CODE                            
__lcmps                             D:0B1C45 lcmpu           CODE                            
__lcmpu                             D:0B1C45 lcmpu           CODE                            
__lcmpzero                          D:0B18B5 lcmpzero        CODE                            
__ldivu                             D:0B18C9 ldivu           CODE                            
__ldvrmu                            D:0B18DB ldivu           CODE                            
__len_bss                           00000229 (User Defined)
__lmuls                             D:0B1EAA lmulu           CODE                            
__lmulu                             D:0B1EAA lmulu           CODE                            
__lneg                              D:0B18A8 lneg            CODE                            
__low_bss                           000B2732 (User Defined)
__lremu                             D:0B1CA6 lremu           CODE                            
__open_periphdevice                 D:0B134D zsldevinitdummy CODE                            
__scmpzero                          D:0B1C7E scmpzero        CODE                            
__seqcaseD                          D:0B13C0 seqcaseD        CODE                            
__setflag                           D:0B1363 setflag         CODE                            
__sneg                              D:0B1C5B ineg            CODE                            
__sor                               D:0B1D08 sor             CODE                            
__stoiu                             D:0B1566 stoiu           CODE                            
__u_itoa                            D:0B15F2 uitoa           CODE                            
__u_ltoa                            D:0B1614 ultoa           CODE                            
__u_reverse                         D:0B1B68 ureverse        CODE                            
__u_ultoa                           D:0B1D11 uultoa          CODE                            
_abs                                D:0B1589 abs             CODE                            
_beep                               D:0B010B main            CODE                            
_close_periphdevice                 D:0B134D zsldevinitdummy CODE                            
_containsESP32Header                D:0B02DB main            CODE                            
_containsMosHeader                  D:0B0290 main            CODE                            
_crc32                              D:0B12D0 crc32           CODE                            
_crc32_finalize                     D:0B1293 crc32           CODE                            
_crc32_initialize                   D:0B127E crc32           CODE                            
_delayms                            D:0B1098 agontimer       CODE                            
_echoVDP                            D:0B06D8 main            CODE                            
_enableFlashKeyRegister             D:0B0FC7 flash           CODE                            
_errno                              D:0B2732 main            BSS                             
_esp32_magicnumbers                 D:0B1F4C main            DATA                            
_fastmemcpy                         D:0B0FF4 flash           CODE                            
_filesExist                         D:0B0970 main            CODE                            
_firmwareContentOK                  D:0B0A2D main            CODE                            
_flashmos                           D:0B1F50 main            DATA                            
_flashvdp                           D:0B1F51 main            DATA                            
_getch                              D:0B0E96 mos-interface   CODE                            
_getCharAt                          D:0B0141 main            CODE                            
_getCommand                         D:0B071B main            CODE                            
_getFileSize                        D:0B1330 filesize        CODE                            
_getResponse                        D:0B0375 main            CODE                            
_getsysvar_cursorX                  D:0B0EC8 mos-interface   CODE                            
_getsysvar_cursorY                  D:0B0ED4 mos-interface   CODE                            
_getsysvar_scrchar                  D:0B0EE0 mos-interface   CODE                            
_getsysvars                         D:0B0EBC mos-interface   CODE                            
_isalpha                            D:0B1B3F isalpha         CODE                            
_isdigit                            D:0B1935 isdigit         CODE                            
_isspace                            D:0B195E isspace         CODE                            
_isupper                            D:0B1372 isupper         CODE                            
_lockFlashKeyRegister               D:0B0FDF flash           CODE                            
_main                               D:0B0D48 main            CODE                            
_memcmp                             D:0B18FF memcmp          CODE                            
_mos_del                            D:0B0F78 mos-interface   CODE                            
_mos_fclose                         D:0B0F04 mos-interface   CODE                            
_mos_feof                           D:0B0F63 mos-interface   CODE                            
_mos_fgetc                          D:0B0F19 mos-interface   CODE                            
_mos_flseek                         D:0B0FA8 mos-interface   CODE                            
_mos_fopen                          D:0B0EEC mos-interface   CODE                            
_mos_fread                          D:0B0F2E mos-interface   CODE                            
_mos_magicnumbers                   D:0B1F47 main            DATA                            
_mos_save                           D:0B0F8D mos-interface   CODE                            
_mosfilename                        D:0B2735 main            BSS                             
_open_periphdevice                  D:0B134D zsldevinitdummy CODE                            
_parseCommands                      D:0B07B0 main            CODE                            
_print_version                      D:0B032F main            CODE                            
_putch                              D:0B00E5 main            CODE                            
_reset                              D:0B0FF2 flash           CODE                            
_showCRC32                          D:0B0B70 main            CODE                            
_silent                             D:0B1F52 main            DATA                            
_startVDPupdate                     D:0B1013 flash           CODE                            
_strcpy                             D:0B1C64 strcpy          CODE                            
_strlen                             D:0B15DD strlen          CODE                            
_strtoll                            D:0B10FA strtoll         CODE                            
_tolower                            D:0B1CB6 tolower         CODE                            
_update_mos                         D:0B049F main            CODE                            
_update_vdp                         D:0B03F9 main            CODE                            
_usage                              D:0B0350 main            CODE                            
_vdp_ota_present                    D:0B01E3 main            CODE                            
_vdpfilename                        D:0B2835 main            BSS                             
_waitvblank                         D:0B0EAB mos-interface   CODE                            

109 external symbol(s).

SYMBOL CROSS REFERENCE:
=======================
Name                              Use         Module
--------------------------------- ----------- -------------------------
___maptab                         Defined     .\rtl\common\maptab.c
                                  Referenced  .\rtl\common\isupper.c
                                  Referenced  .\rtl\common\isdigit.c
                                  Referenced  .\rtl\common\isspace.c
                                  Referenced  .\rtl\common\isalpha.c
___print_buff                     Defined     .\rtl\common\print_globals.c
                                  Referenced  .\rtl\common\ultoa.c
                                  Referenced  .\rtl\common\print_send.c
                                  Referenced  .\rtl\common\uultoa.c
___print_fmt                      Defined     .\rtl\common\print_globals.c
                                  Referenced  ..\main.c
                                  Referenced  .\rtl\common\print_putstring.c
                                  Referenced  .\rtl\common\ultoa.c
                                  Referenced  .\rtl\common\print_send.c
                                  Referenced  .\rtl\common\uultoa.c
___print_leading_char             Defined     .\rtl\common\print_globals.c
                                  Referenced  .\rtl\common\ultoa.c
                                  Referenced  .\rtl\common\print_send.c
___print_len                      Defined     .\rtl\common\print_globals.c
                                  Referenced  .\rtl\common\print_putstring.c
                                  Referenced  .\rtl\common\print_send.c
___print_out                      Defined     .\rtl\common\print_globals.c
                                  Referenced  .\rtl\common\print_sputch.c
___print_putch                    Defined     .\rtl\common\print_putch.c
                                  Referenced  .\rtl\common\print_putstring.c
                                  Referenced  .\rtl\common\print_send.c
___print_send                     Defined     .\rtl\common\print_send.c
                                  Referenced  .\rtl\common\ultoa.c
                                  Referenced  .\rtl\common\uultoa.c
___print_sendstring               Defined     .\rtl\common\print_putstring.c
                                  Referenced  ..\main.c
___print_sputch                   Defined     .\rtl\common\print_sputch.c
                                  Referenced  .\rtl\common\print_globals.c
___print_uputch                   Defined     .\rtl\common\print_uputch.c
                                  Referenced  ..\main.c
___print_xputch                   Defined     .\rtl\common\print_globals.c
                                  Referenced  ..\main.c
                                  Referenced  .\rtl\common\print_putch.c
__case8D                          Defined     .\rtl\common\case8D.asm
                                  Referenced  .\rtl\common\ultoa.c
                                  Referenced  .\rtl\common\uultoa.c
__close_periphdevice              Defined     ..\src\boot\common\zsldevinitdummy.asm
__iand                            Defined     .\rtl\common\iand.asm
                                  Referenced  ..\main.c
__icmpzero                        Defined     .\rtl\common\icmpzero.asm
                                  Referenced  ..\main.c
                                  Referenced  ..\agontimer.c
                                  Referenced  ..\strtoll.c
                                  Referenced  .\rtl\common\abs.c
                                  Referenced  .\rtl\common\tolower.c
__indcall                         Defined     .\rtl\common\indcall.asm
                                  Referenced  .\rtl\common\print_putch.c
__ineg                            Defined     .\rtl\common\ineg.asm
                                  Referenced  .\rtl\common\abs.c
__ishrs                           Defined     .\rtl\common\ishrs.asm
__ishrs_b                         Defined     .\rtl\common\ishrs.asm
                                  Referenced  ..\main.c
__ishru                           Defined     .\rtl\common\ishru.asm
__ishru_b                         Defined     .\rtl\common\ishru.asm
                                  Referenced  ..\main.c
__itol                            Defined     .\rtl\common\itol.asm
                                  Referenced  ..\main.c
                                  Referenced  ..\strtoll.c
                                  Referenced  .\rtl\common\uitoa.c
__ladd                            Defined     .\rtl\common\ladd.asm
                                  Referenced  ..\strtoll.c
__ladd_b                          Defined     .\rtl\common\ladd.asm
__lcmps                           Defined     .\rtl\common\lcmpu.asm
__lcmpu                           Defined     .\rtl\common\lcmpu.asm
                                  Referenced  .\rtl\common\ultoa.c
                                  Referenced  .\rtl\common\lcmpzero.asm
__lcmpzero                        Defined     .\rtl\common\lcmpzero.asm
                                  Referenced  .\rtl\common\ultoa.c
                                  Referenced  .\rtl\common\uultoa.c
__ldivu                           Defined     .\rtl\common\ldivu.asm
                                  Referenced  .\rtl\common\ultoa.c
                                  Referenced  .\rtl\common\uultoa.c
__ldvrmu                          Defined     .\rtl\common\ldivu.asm
                                  Referenced  .\rtl\common\lremu.asm
__len_bss                         Defined     LINKER
                                  Referenced  C:\source\agon-flash\src\init.asm
__lmuls                           Defined     .\rtl\common\lmulu.asm
__lmulu                           Defined     .\rtl\common\lmulu.asm
                                  Referenced  ..\strtoll.c
__lneg                            Defined     .\rtl\common\lneg.asm
                                  Referenced  .\rtl\common\ultoa.c
__low_bss                         Defined     LINKER
                                  Referenced  C:\source\agon-flash\src\init.asm
__lremu                           Defined     .\rtl\common\lremu.asm
                                  Referenced  .\rtl\common\ultoa.c
                                  Referenced  .\rtl\common\uultoa.c
__open_periphdevice               Defined     ..\src\boot\common\zsldevinitdummy.asm
__scmpzero                        Defined     .\rtl\common\scmpzero.asm
                                  Referenced  ..\main.c
                                  Referenced  ..\agontimer.c
__seqcaseD                        Defined     .\rtl\common\seqcaseD.asm
                                  Referenced  ..\main.c
__setflag                         Defined     .\rtl\common\setflag.asm
                                  Referenced  ..\strtoll.c
                                  Referenced  .\rtl\common\print_putstring.c
                                  Referenced  .\rtl\common\abs.c
                                  Referenced  .\rtl\common\ultoa.c
                                  Referenced  .\rtl\common\print_send.c
__sneg                            Defined     .\rtl\common\ineg.asm
__sor                             Defined     .\rtl\common\sor.asm
                                  Referenced  ..\agontimer.c
__stoiu                           Defined     .\rtl\common\stoiu.asm
                                  Referenced  ..\main.c
__u_itoa                          Defined     .\rtl\common\uitoa.c
                                  Referenced  ..\main.c
__u_ltoa                          Defined     .\rtl\common\ultoa.c
                                  Referenced  .\rtl\common\uitoa.c
__u_reverse                       Defined     .\rtl\common\ureverse.c
                                  Referenced  .\rtl\common\ultoa.c
                                  Referenced  .\rtl\common\uultoa.c
__u_ultoa                         Defined     .\rtl\common\uultoa.c
                                  Referenced  ..\main.c
_abs                              Defined     .\rtl\common\abs.c
                                  Referenced  .\rtl\common\print_putstring.c
                                  Referenced  .\rtl\common\print_send.c
_beep                             Defined     ..\main.c
_close_periphdevice               Defined     ..\src\boot\common\zsldevinitdummy.asm
_containsESP32Header              Defined     ..\main.c
_containsMosHeader                Defined     ..\main.c
_crc32                            Defined     C:\source\agon-flash\src\crc32.asm
                                  Referenced  ..\main.c
_crc32_finalize                   Defined     C:\source\agon-flash\src\crc32.asm
                                  Referenced  ..\main.c
_crc32_initialize                 Defined     C:\source\agon-flash\src\crc32.asm
                                  Referenced  ..\main.c
_delayms                          Defined     ..\agontimer.c
                                  Referenced  ..\main.c
_echoVDP                          Defined     ..\main.c
_enableFlashKeyRegister           Defined     C:\source\agon-flash\src\flash.asm
                                  Referenced  ..\main.c
_errno                            Defined     ..\main.c
                                  Referenced  ..\strtoll.c
_esp32_magicnumbers               Defined     ..\main.c
_fastmemcpy                       Defined     C:\source\agon-flash\src\flash.asm
                                  Referenced  ..\main.c
_filesExist                       Defined     ..\main.c
_firmwareContentOK                Defined     ..\main.c
_flashmos                         Defined     ..\main.c
_flashvdp                         Defined     ..\main.c
_getch                            Defined     C:\source\agon-flash\src\mos-interface.asm
                                  Referenced  ..\main.c
_getCharAt                        Defined     ..\main.c
_getCommand                       Defined     ..\main.c
_getFileSize                      Defined     C:\source\agon-flash\src\filesize.asm
                                  Referenced  ..\main.c
_getResponse                      Defined     ..\main.c
_getsysvar_cursorX                Defined     C:\source\agon-flash\src\mos-interface.asm
_getsysvar_cursorY                Defined     C:\source\agon-flash\src\mos-interface.asm
_getsysvar_scrchar                Defined     C:\source\agon-flash\src\mos-interface.asm
_getsysvars                       Defined     C:\source\agon-flash\src\mos-interface.asm
                                  Referenced  ..\main.c
_isalpha                          Defined     .\rtl\common\isalpha.c
                                  Referenced  ..\strtoll.c
_isdigit                          Defined     .\rtl\common\isdigit.c
                                  Referenced  ..\strtoll.c
_isspace                          Defined     .\rtl\common\isspace.c
                                  Referenced  ..\strtoll.c
_isupper                          Defined     .\rtl\common\isupper.c
                                  Referenced  ..\strtoll.c
                                  Referenced  .\rtl\common\tolower.c
_lockFlashKeyRegister             Defined     C:\source\agon-flash\src\flash.asm
                                  Referenced  ..\main.c
_main                             Defined     ..\main.c
                                  Referenced  C:\source\agon-flash\src\init.asm
_memcmp                           Defined     .\rtl\common\memcmp.asm
                                  Referenced  ..\main.c
_mos_del                          Defined     C:\source\agon-flash\src\mos-interface.asm
_mos_fclose                       Defined     C:\source\agon-flash\src\mos-interface.asm
                                  Referenced  ..\main.c
_mos_feof                         Defined     C:\source\agon-flash\src\mos-interface.asm
_mos_fgetc                        Defined     C:\source\agon-flash\src\mos-interface.asm
_mos_flseek                       Defined     C:\source\agon-flash\src\mos-interface.asm
_mos_fopen                        Defined     C:\source\agon-flash\src\mos-interface.asm
                                  Referenced  ..\main.c
_mos_fread                        Defined     C:\source\agon-flash\src\mos-interface.asm
                                  Referenced  ..\main.c
_mos_magicnumbers                 Defined     ..\main.c
_mos_save                         Defined     C:\source\agon-flash\src\mos-interface.asm
_mosfilename                      Defined     ..\main.c
_open_periphdevice                Defined     ..\src\boot\common\zsldevinitdummy.asm
_parseCommands                    Defined     ..\main.c
_print_version                    Defined     ..\main.c
_putch                            Defined     ..\main.c
                                  Referenced  .\rtl\common\print_uputch.c
_reset                            Defined     C:\source\agon-flash\src\flash.asm
                                  Referenced  ..\main.c
_showCRC32                        Defined     ..\main.c
_silent                           Defined     ..\main.c
_startVDPupdate                   Defined     C:\source\agon-flash\src\flash.asm
                                  Referenced  ..\main.c
_strcpy                           Defined     .\strcpy.asm
                                  Referenced  ..\main.c
_strlen                           Defined     .\strlen.asm
                                  Referenced  .\rtl\common\print_putstring.c
                                  Referenced  .\rtl\common\print_send.c
                                  Referenced  .\rtl\common\ureverse.c
                                  Referenced  .\strcpy.asm
_strtoll                          Defined     ..\strtoll.c
_tolower                          Defined     .\rtl\common\tolower.c
                                  Referenced  ..\main.c
_update_mos                       Defined     ..\main.c
_update_vdp                       Defined     ..\main.c
_usage                            Defined     ..\main.c
_vdp_ota_present                  Defined     ..\main.c
_vdpfilename                      Defined     ..\main.c
_waitvblank                       Defined     C:\source\agon-flash\src\mos-interface.asm

OUTPUT CHECKSUM
===============
flash.hex            10A3EC
flash.lod            10A3EC



END OF LINK MAP:
================
0 Errors
0 Warnings
